Unity Editor version:    6000.5.8f1 (5cb7df797b7d)
Branch:                  6000.5/staging
Build type:              Release
Batch mode:              YES
macOS version:           Version 26.5.2 (Build 25F84)
Darwin version:          25.5.0
Architecture:            arm64
Running under Rosetta:   NO
Available memory:        16384 MB
Date:                    2026-08-18T20:30:15Z
[Licensing::Module] Trying to connect to existing licensing client channel...
[Licensing::IpcConnector] Successfully connected to: "LicenseClient-ooharayukio" at "2026-08-18T20:30:15.760649Z"
Launching external process: /Applications/Unity/Hub/Editor/6000.5.8f1/Unity.app/Contents/Helpers/PackageManager/Server/UnityPackageManager

COMMAND LINE ARGUMENTS:
/Applications/Unity/Hub/Editor/6000.5.8f1/Unity.app/Contents/MacOS/Unity
-batchmode
-quit
-projectPath
unity_tsumutsumu/
-executeMethod
TsumTsumu.Editor.SetupScene.CreateAndSetupScene
-logFile
unity_setup.log
Successfully changed project path to: /Users/ooharayukio/ai_token_test_tsumutsumu/unity_tsumutsumu
/Users/ooharayukio/ai_token_test_tsumutsumu/unity_tsumutsumu
[UnityMemory] Configuration Parameters - Can be set up in boot.config
    "memorysetup-temp-allocator-size-gi-baking-worker=262144"
    "memorysetup-temp-allocator-size-gi-baking-worker=262144"
    "memorysetup-temp-allocator-size-gi-baking-worker=262144"
    "memorysetup-temp-allocator-size-gi-baking-worker=262144"
    "memorysetup-temp-allocator-size-gi-baking-worker=262144"
    "memorysetup-temp-allocator-size-nav-mesh-worker=65536"
    "memorysetup-temp-allocator-size-audio-worker=65536"
    "memorysetup-temp-allocator-size-cloud-worker=32768"
    "memorysetup-allocator-temp-initial-block-size-main=262144"
    "memorysetup-allocator-temp-initial-block-size-worker=262144"
    "memorysetup-temp-allocator-size-preload-manager=33554432"
    "memorysetup-temp-allocator-size-gfx=262144"
    "memorysetup-temp-allocator-size-background-worker=32768"
    "memorysetup-temp-allocator-size-job-worker=262144"
    "memorysetup-bucket-allocator-granularity=16"
    "memorysetup-bucket-allocator-bucket-count=8"
    "memorysetup-bucket-allocator-block-size=33554432"
    "memorysetup-bucket-allocator-block-count=8"
    "memorysetup-main-allocator-block-size=16777216"
    "memorysetup-thread-allocator-block-size=16777216"
    "memorysetup-main-allocator-mimalloc-enabled=0"
    "memorysetup-gfx-main-allocator-block-size=16777216"
    "memorysetup-gfx-thread-allocator-block-size=16777216"
    "memorysetup-cache-allocator-block-size=4194304"
    "memorysetup-typetree-allocator-block-size=2097152"
    "memorysetup-profiler-bucket-allocator-granularity=16"
    "memorysetup-profiler-bucket-allocator-bucket-count=8"
    "memorysetup-profiler-bucket-allocator-block-size=33554432"
    "memorysetup-profiler-bucket-allocator-block-count=8"
    "memorysetup-profiler-allocator-block-size=16777216"
    "memorysetup-profiler-editor-allocator-block-size=1048576"
    "memorysetup-temp-allocator-size-main=16777216"
    "memorysetup-job-temp-allocator-block-size=2097152"
    "memorysetup-job-temp-allocator-block-size-background=1048576"
    "memorysetup-job-temp-allocator-reduction-small-platforms=262144"
Logging is directed to a specific file, skipping project log.Player connection [8526404992]  Target information:

Player connection [8526404992]  * "[IP] 192.168.0.38 [Port] 55504 [Flags] 2 [Guid] 196428502 [EditorId] 196428502 [Version] 1048832 [Id] OSXEditor(0,MacBook-Air-2.local) [Debug] 1 [PackageName] OSXEditor [ProjectName] Editor" 

Player connection [8526404992]  * "[IP] 100.100.172.26 [Port] 55504 [Flags] 2 [Guid] 196428502 [EditorId] 196428502 [Version] 1048832 [Id] OSXEditor(0,MacBook-Air-2.local) [Debug] 1 [PackageName] OSXEditor [ProjectName] Editor" 

Player connection [8526404992] Host joined multi-casting on [225.0.0.222:54997]...
Player connection [8526404992] Host joined alternative multi-casting on [225.0.0.222:34997]...
Input System module state changed to: Initialized.
[Physics::Module] Initialized fallback backend.
[Physics::Module] Id: 0xdecafbad
[Licensing::Client] Error: HandshakeResponse reported an error:
	ResponseCode: 505
	ResponseStatus: Unsupported protocol version '1.18.1'.
[Licensing::Module] Error: Failed to handshake to channel: "LicenseClient-ooharayukio"
[Licensing::IpcConnector] LicenseClient-ooharayukio channel disconnected successfully.
[Licensing::IpcConnector] Successfully connected to: "LicenseClient-ooharayukio-6000.5.8" at "2026-08-18T20:30:16.086111Z"
[Package Manager] Connected to IPC stream "Upm-63104" after 0.4 seconds.
[Licensing::Module] Licensing is not yet initialized.
[Licensing::Client] Handshaking with LicensingClient:
  Version:                 1.18.1+9fbee8e
  Session Id:              1f442b07c81d4b96af3b417c2e6d8886
  Correlation Id:          1e442c035418a0f9f7d51794dfb54268
  External correlation Id: 5987444952658072596
  Machine Id:              R5uM3B5fd22VMJwgHw/FU74yoJQ=
[Licensing::Module] Successfully connected to LicensingClient on channel: "LicenseClient-ooharayukio-6000.5.8" (connect: 0.00s, validation: 0.00s, handshake: 0.32s)
[Licensing::IpcConnector] Successfully connected to: "LicenseClient-ooharayukio-6000.5.8-notifications" at "2026-08-18T20:30:16.40471Z"
[Licensing::Module] Error: Access token is unavailable; failed to update
[Licensing::Client] Successfully resolved entitlement details
[Licensing::Module] License group:
  Id: 15668447561554-UnityPersXXXX
  Product: Unity Personal
  Type: Assigned
  Expiration: Unlimited
[Licensing::Client] Successfully updated license, isAsync: True, time: 0.01
[Licensing::Client] Successfully resolved entitlement details
[Licensing::Module] Licensing Background thread has ended after 0.67s
[Licensing::Module] Licensing is initialized (took 0.14s).
[Licensing::Client] Successfully resolved entitlement details
Library Redirect Path: Library/
[Physics::Module] Selected backend.
[Physics::Module] Name: PhysX
[Physics::Module] Id: 0xf2b8ea05
[Physics::Module] SDK Version: 4.1.2
[Physics::Module] Integration Version: 1.0.0
[Physics::Module] Threading Mode: Multi-Threaded
Artifact Garbage Collection - Removed 526 unused hashed content files
Initialize engine version: 6000.5.8f1 (5cb7df797b7d)
[Subsystems] Discovering subsystems at path /Applications/Unity/Hub/Editor/6000.5.8f1/Unity.app/Contents/Resources/UnitySubsystems
[Subsystems] Discovering subsystems at path /Users/ooharayukio/ai_token_test_tsumutsumu/unity_tsumutsumu/Assets
GfxDevice: creating device client; kGfxThreadingModeNonThreaded
 preferred device: Apple M4 (high power)
Metal devices available: 1
0: Apple M4 (high power)
Using device Apple M4 (high power)
Initializing Metal device caps: Apple M4
Mac GPU Family: 2
Apple GPU Family: 9
MSL Version: 3.0
Has Float MSAA: 1
Has Float Filtering: 1
ReadWrite Texture Tier: 2
Initialize mono
Mono path[0] = '/Applications/Unity/Hub/Editor/6000.5.8f1/Unity.app/Contents/Resources/Scripting/Managed'
Mono path[1] = '/Applications/Unity/Hub/Editor/6000.5.8f1/Unity.app/Contents/Resources/Scripting/BCLExtensions/runtime/netstandard2.1'
Mono path[2] = '/Applications/Unity/Hub/Editor/6000.5.8f1/Unity.app/Contents/Resources/Scripting/MonoBleedingEdge/lib/mono/unityjit-macos'
Mono config path = '/Applications/Unity/Hub/Editor/6000.5.8f1/Unity.app/Contents/Resources/Scripting/MonoBleedingEdge/etc'
Using monoOptions --debugger-agent=transport=dt_socket,embedding=1,server=y,suspend=n,address=127.0.0.1:56104
CodeReloadManager initialized
ImportWorker Server TCP listen port: 0
AcceleratorClientConnectionCallback - disconnected - :0
Begin MonoManager ReloadAssembly
Registering precompiled unity dll's ...
Register platform support module: /Applications/Unity/Hub/Editor/6000.5.8f1/PlaybackEngines/WebGLSupport/UnityEditor.WebGL.Extensions.dll
Register platform support module: /Applications/Unity/Hub/Editor/6000.5.8f1/PlaybackEngines/MacStandaloneSupport/UnityEditor.OSXStandalone.Extensions.dll
Registered in 0.000605 seconds.
Native extension for OSXStandalone target not found
Native extension for WebGL target not found
Package Manager log level set to [2]
ScheduleIndexationOnStartup MainProcess:False IndexOnStartup:False
Mono: successfully reloaded assembly
- Finished resetting the current domain, in  0.796 seconds
Domain Reload Profiling: 1144ms
	BeginReloadAssembly (97ms)
		CreateAndSetChildDomain (14ms)
	RebuildCommonClasses (4ms)
	RebuildNativeTypeToScriptingClass (11ms)
	initialDomainReloadingComplete (35ms)
	LoadAllAssembliesAndSetupDomain (200ms)
		LoadAssemblies (83ms)
		AnalyzeDomain (151ms)
			TypeCache.Refresh (150ms)
				TypeCache.ScanAssembly (139ms)
	FinalizeReload (797ms)
		SetupLoadedEditorAssemblies (0ms)
			BeforeProcessingInitializeOnLoad (72ms)
			ProcessInitializeOnLoadAttributes (78ms)
			ProcessInitializeOnLoadMethodAttributes (598ms)
[Licensing::Client] Successfully resolved entitlement details
Application.AssetDatabase Initial Refresh Start
[Package Manager] Restoring resolved packages state from cache
[Licensing::Client] Successfully resolved entitlement details
[Package Manager] Registered 58 packages:
  Packages from [https://packages.unity.com]:
    com.unity.ai.navigation@2.0.14 (location: /Users/ooharayukio/ai_token_test_tsumutsumu/unity_tsumutsumu/Library/PackageCache/com.unity.ai.navigation@134dd6a3b97b)
    com.unity.analytics@3.8.2 (location: /Users/ooharayukio/ai_token_test_tsumutsumu/unity_tsumutsumu/Library/PackageCache/com.unity.analytics@c9d14a6bdec6)
    com.unity.collab-proxy@2.13.5 (location: /Users/ooharayukio/ai_token_test_tsumutsumu/unity_tsumutsumu/Library/PackageCache/com.unity.collab-proxy@120d77864ebc)
    com.unity.ide.rider@3.0.38 (location: /Users/ooharayukio/ai_token_test_tsumutsumu/unity_tsumutsumu/Library/PackageCache/com.unity.ide.rider@1f60b3138684)
    com.unity.ide.visualstudio@2.0.26 (location: /Users/ooharayukio/ai_token_test_tsumutsumu/unity_tsumutsumu/Library/PackageCache/com.unity.ide.visualstudio@a99d56dec63f)
    com.unity.purchasing@4.15.1 (location: /Users/ooharayukio/ai_token_test_tsumutsumu/unity_tsumutsumu/Library/PackageCache/com.unity.purchasing@265595791a69)
    com.unity.timeline@1.8.12 (location: /Users/ooharayukio/ai_token_test_tsumutsumu/unity_tsumutsumu/Library/PackageCache/com.unity.timeline@8cd8509afae5)
    com.unity.xr.legacyinputhelpers@3.0.1 (location: /Users/ooharayukio/ai_token_test_tsumutsumu/unity_tsumutsumu/Library/PackageCache/com.unity.xr.legacyinputhelpers@3f62d634f63b)
    com.unity.services.core@1.18.0 (location: /Users/ooharayukio/ai_token_test_tsumutsumu/unity_tsumutsumu/Library/PackageCache/com.unity.services.core@3464cb68d709)
    com.unity.services.analytics@6.3.0 (location: /Users/ooharayukio/ai_token_test_tsumutsumu/unity_tsumutsumu/Library/PackageCache/com.unity.services.analytics@cde4e6cf92f9)
    com.unity.nuget.newtonsoft-json@3.2.2 (location: /Users/ooharayukio/ai_token_test_tsumutsumu/unity_tsumutsumu/Library/PackageCache/com.unity.nuget.newtonsoft-json@4dfd81071c64)
    com.unity.burst@1.8.30 (location: /Users/ooharayukio/ai_token_test_tsumutsumu/unity_tsumutsumu/Library/PackageCache/com.unity.burst@2f3d916873ea)
    com.unity.nuget.mono-cecil@1.11.6 (location: /Users/ooharayukio/ai_token_test_tsumutsumu/unity_tsumutsumu/Library/PackageCache/com.unity.nuget.mono-cecil@ecb9724e46ff)
    com.unity.test-framework.performance@3.5.0 (location: /Users/ooharayukio/ai_token_test_tsumutsumu/unity_tsumutsumu/Library/PackageCache/com.unity.test-framework.performance@8b56083ec0f0)
  Built-in packages:
    com.unity.2d.sprite@1.0.0 (location: /Users/ooharayukio/ai_token_test_tsumutsumu/unity_tsumutsumu/Library/PackageCache/com.unity.2d.sprite@053a968eab56)
    com.unity.2d.tilemap@1.0.0 (location: /Users/ooharayukio/ai_token_test_tsumutsumu/unity_tsumutsumu/Library/PackageCache/com.unity.2d.tilemap@b959501fd678)
    com.unity.multiplayer.center@1.0.1 (location: /Users/ooharayukio/ai_token_test_tsumutsumu/unity_tsumutsumu/Library/PackageCache/com.unity.multiplayer.center@b860850997d0)
    com.unity.test-framework@1.7.0 (location: /Users/ooharayukio/ai_token_test_tsumutsumu/unity_tsumutsumu/Library/PackageCache/com.unity.test-framework@1405238725ab)
    com.unity.ugui@2.5.0 (location: /Users/ooharayukio/ai_token_test_tsumutsumu/unity_tsumutsumu/Library/PackageCache/com.unity.ugui@1c4864518158)
    com.unity.modules.accessibility@1.0.0 (location: /Users/ooharayukio/ai_token_test_tsumutsumu/unity_tsumutsumu/Library/PackageCache/com.unity.modules.accessibility)
    com.unity.modules.adaptiveperformance@1.0.0 (location: /Users/ooharayukio/ai_token_test_tsumutsumu/unity_tsumutsumu/Library/PackageCache/com.unity.modules.adaptiveperformance)
    com.unity.modules.ai@1.0.0 (location: /Users/ooharayukio/ai_token_test_tsumutsumu/unity_tsumutsumu/Library/PackageCache/com.unity.modules.ai)
    com.unity.modules.androidjni@1.0.0 (location: /Users/ooharayukio/ai_token_test_tsumutsumu/unity_tsumutsumu/Library/PackageCache/com.unity.modules.androidjni)
    com.unity.modules.animation@1.0.0 (location: /Users/ooharayukio/ai_token_test_tsumutsumu/unity_tsumutsumu/Library/PackageCache/com.unity.modules.animation)
    com.unity.modules.assetbundle@1.0.0 (location: /Users/ooharayukio/ai_token_test_tsumutsumu/unity_tsumutsumu/Library/PackageCache/com.unity.modules.assetbundle)
    com.unity.modules.audio@1.0.0 (location: /Users/ooharayukio/ai_token_test_tsumutsumu/unity_tsumutsumu/Library/PackageCache/com.unity.modules.audio)
    com.unity.modules.cloth@1.0.0 (location: /Users/ooharayukio/ai_token_test_tsumutsumu/unity_tsumutsumu/Library/PackageCache/com.unity.modules.cloth)
    com.unity.modules.director@1.0.0 (location: /Users/ooharayukio/ai_token_test_tsumutsumu/unity_tsumutsumu/Library/PackageCache/com.unity.modules.director)
    com.unity.modules.imageconversion@1.0.0 (location: /Users/ooharayukio/ai_token_test_tsumutsumu/unity_tsumutsumu/Library/PackageCache/com.unity.modules.imageconversion)
    com.unity.modules.imgui@1.0.0 (location: /Users/ooharayukio/ai_token_test_tsumutsumu/unity_tsumutsumu/Library/PackageCache/com.unity.modules.imgui)
    com.unity.modules.jsonserialize@1.0.0 (location: /Users/ooharayukio/ai_token_test_tsumutsumu/unity_tsumutsumu/Library/PackageCache/com.unity.modules.jsonserialize)
    com.unity.modules.particlesystem@1.0.0 (location: /Users/ooharayukio/ai_token_test_tsumutsumu/unity_tsumutsumu/Library/PackageCache/com.unity.modules.particlesystem)
    com.unity.modules.physics@1.0.0 (location: /Users/ooharayukio/ai_token_test_tsumutsumu/unity_tsumutsumu/Library/PackageCache/com.unity.modules.physics)
    com.unity.modules.physics2d@1.0.0 (location: /Users/ooharayukio/ai_token_test_tsumutsumu/unity_tsumutsumu/Library/PackageCache/com.unity.modules.physics2d)
    com.unity.modules.physicscore2d@1.0.0 (location: /Users/ooharayukio/ai_token_test_tsumutsumu/unity_tsumutsumu/Library/PackageCache/com.unity.modules.physicscore2d)
    com.unity.modules.screencapture@1.0.0 (location: /Users/ooharayukio/ai_token_test_tsumutsumu/unity_tsumutsumu/Library/PackageCache/com.unity.modules.screencapture)
    com.unity.modules.terrain@1.0.0 (location: /Users/ooharayukio/ai_token_test_tsumutsumu/unity_tsumutsumu/Library/PackageCache/com.unity.modules.terrain)
    com.unity.modules.terrainphysics@1.0.0 (location: /Users/ooharayukio/ai_token_test_tsumutsumu/unity_tsumutsumu/Library/PackageCache/com.unity.modules.terrainphysics)
    com.unity.modules.tilemap@1.0.0 (location: /Users/ooharayukio/ai_token_test_tsumutsumu/unity_tsumutsumu/Library/PackageCache/com.unity.modules.tilemap)
    com.unity.modules.ui@1.0.0 (location: /Users/ooharayukio/ai_token_test_tsumutsumu/unity_tsumutsumu/Library/PackageCache/com.unity.modules.ui)
    com.unity.modules.uielements@1.0.0 (location: /Users/ooharayukio/ai_token_test_tsumutsumu/unity_tsumutsumu/Library/PackageCache/com.unity.modules.uielements)
    com.unity.modules.umbra@1.0.0 (location: /Users/ooharayukio/ai_token_test_tsumutsumu/unity_tsumutsumu/Library/PackageCache/com.unity.modules.umbra)
    com.unity.modules.unityanalytics@1.0.0 (location: /Users/ooharayukio/ai_token_test_tsumutsumu/unity_tsumutsumu/Library/PackageCache/com.unity.modules.unityanalytics)
    com.unity.modules.unitywebrequest@1.0.0 (location: /Users/ooharayukio/ai_token_test_tsumutsumu/unity_tsumutsumu/Library/PackageCache/com.unity.modules.unitywebrequest)
    com.unity.modules.unitywebrequestassetbundle@1.0.0 (location: /Users/ooharayukio/ai_token_test_tsumutsumu/unity_tsumutsumu/Library/PackageCache/com.unity.modules.unitywebrequestassetbundle)
    com.unity.modules.unitywebrequestaudio@1.0.0 (location: /Users/ooharayukio/ai_token_test_tsumutsumu/unity_tsumutsumu/Library/PackageCache/com.unity.modules.unitywebrequestaudio)
    com.unity.modules.unitywebrequesttexture@1.0.0 (location: /Users/ooharayukio/ai_token_test_tsumutsumu/unity_tsumutsumu/Library/PackageCache/com.unity.modules.unitywebrequesttexture)
    com.unity.modules.unitywebrequestwww@1.0.0 (location: /Users/ooharayukio/ai_token_test_tsumutsumu/unity_tsumutsumu/Library/PackageCache/com.unity.modules.unitywebrequestwww)
    com.unity.modules.vectorgraphics@1.0.0 (location: /Users/ooharayukio/ai_token_test_tsumutsumu/unity_tsumutsumu/Library/PackageCache/com.unity.modules.vectorgraphics)
    com.unity.modules.vehicles@1.0.0 (location: /Users/ooharayukio/ai_token_test_tsumutsumu/unity_tsumutsumu/Library/PackageCache/com.unity.modules.vehicles)
    com.unity.modules.video@1.0.0 (location: /Users/ooharayukio/ai_token_test_tsumutsumu/unity_tsumutsumu/Library/PackageCache/com.unity.modules.video)
    com.unity.modules.wind@1.0.0 (location: /Users/ooharayukio/ai_token_test_tsumutsumu/unity_tsumutsumu/Library/PackageCache/com.unity.modules.wind)
    com.unity.modules.xr@1.0.0 (location: /Users/ooharayukio/ai_token_test_tsumutsumu/unity_tsumutsumu/Library/PackageCache/com.unity.modules.xr)
    com.unity.modules.subsystems@1.0.0 (location: /Users/ooharayukio/ai_token_test_tsumutsumu/unity_tsumutsumu/Library/PackageCache/com.unity.modules.subsystems)
    com.unity.modules.hierarchycore@1.0.0 (location: /Users/ooharayukio/ai_token_test_tsumutsumu/unity_tsumutsumu/Library/PackageCache/com.unity.modules.hierarchycore)
    com.unity.ext.nunit@2.1.0 (location: /Users/ooharayukio/ai_token_test_tsumutsumu/unity_tsumutsumu/Library/PackageCache/com.unity.ext.nunit@44f7d31723bd)
    com.unity.collections@6.5.0 (location: /Users/ooharayukio/ai_token_test_tsumutsumu/unity_tsumutsumu/Library/PackageCache/com.unity.collections@ec2c217e4cb2)
    com.unity.mathematics@1.4.0 (location: /Users/ooharayukio/ai_token_test_tsumutsumu/unity_tsumutsumu/Library/PackageCache/com.unity.mathematics@981956d94fb6)
[Package Manager] com.unity.purchasing@4.15.1 is deprecated: Unity IAP 4 is unsupported as of June 8, 2026. IAP 5 is the supported version going forward.
[Subsystems] No new subsystems found in resolved package list.
[Package Manager] Done registering packages in 0.01 seconds
[ScriptCompilation] Requested script compilation because: AssetDatabase observed changes in script compilation related files
info: Microsoft.Hosting.Lifetime[14]
      Now listening on: http://unix:/tmp/ilpp.sock-82bfb1cbdc3a83ed6b3bdd86d817393b
info: Microsoft.Hosting.Lifetime[0]
      Application started. Press Ctrl+C to shut down.
info: Microsoft.Hosting.Lifetime[0]
      Hosting environment: Production
info: Microsoft.Hosting.Lifetime[0]
      Content root path: /Users/ooharayukio/ai_token_test_tsumutsumu/unity_tsumutsumu
info: Microsoft.AspNetCore.Hosting.Diagnostics[1]
      Request starting HTTP/2 POST http://ilpp/UnityILPP.PostProcessing/Ping - application/grpc -
info: Microsoft.AspNetCore.Routing.EndpointMiddleware[0]
      Executing endpoint 'gRPC - /UnityILPP.PostProcessing/Ping'
info: Microsoft.AspNetCore.Routing.EndpointMiddleware[1]
      Executed endpoint 'gRPC - /UnityILPP.PostProcessing/Ping'
info: Microsoft.AspNetCore.Hosting.Diagnostics[2]
      Request finished HTTP/2 POST http://ilpp/UnityILPP.PostProcessing/Ping - 200 - application/grpc 35.2025ms
Starting: /Applications/Unity/Hub/Editor/6000.5.8f1/Unity.app/Contents/Resources/BuildPipeline/bee_backend --ipc --defer-dag-verification --dagfile="Library/Bee/200b0aE.dag" --continue-on-failure --profile="Library/Bee/backend1.traceevents" ScriptAssemblies
WorkingDir: /Users/ooharayukio/ai_token_test_tsumutsumu/unity_tsumutsumu
DisplayProgressbar: Compiling Scripts
ExitCode: 4 Duration: 0s304ms
Rebuilding DAG because FileSignature timestamp changed: Library/Bee/200b0aE-inputdata.json
*** Tundra requires additional run (0.28 seconds), 0 items updated, 9 evaluated
Starting: /Applications/Unity/Hub/Editor/6000.5.8f1/Unity.app/Contents/Resources/Scripting/netcorerun/netcorerun "/Applications/Unity/Hub/Editor/6000.5.8f1/Unity.app/Contents/Resources/BuildPipeline/ScriptCompilationBuildProgram.exe" "Library/Bee/200b0aE.dag.json" "Library/Bee/200b0aE-inputdata.json" "Library/Bee/buildprogram0.traceevents"
WorkingDir: /Users/ooharayukio/ai_token_test_tsumutsumu/unity_tsumutsumu
ExitCode: 0 Duration: 1s698ms
Starting: /Applications/Unity/Hub/Editor/6000.5.8f1/Unity.app/Contents/Resources/BuildPipeline/bee_backend --ipc --defer-dag-verification --dagfile="Library/Bee/200b0aE.dag" --continue-on-failure --dagfilejson="Library/Bee/200b0aE.dag.json" --profile="Library/Bee/backend2.traceevents" ScriptAssemblies
WorkingDir: /Users/ooharayukio/ai_token_test_tsumutsumu/unity_tsumutsumu
info: Microsoft.AspNetCore.Hosting.Diagnostics[1]
      Request starting HTTP/2 POST http://ilpp/UnityILPP.PostProcessing/ConfigurePostProcessors - application/grpc -
info: Microsoft.AspNetCore.Routing.EndpointMiddleware[0]
      Executing endpoint 'gRPC - /UnityILPP.PostProcessing/ConfigurePostProcessors'
warn: Unity.ILPP.Runner.PostProcessingAssemblyLoadContext[0]
      Assembly system.runtime.interopservices.windowsruntime has duplicate hint path. Ignoring "/Applications/Unity/Hub/Editor/6000.5.8f1/Unity.app/Contents/Resources/Scripting/UnityReferenceAssemblies/unity-4.8-api/Facades/System.Runtime.InteropServices.WindowsRuntime.dll" in favor of "/Applications/Unity/Hub/Editor/6000.5.8f1/Unity.app/Contents/Resources/Scripting/NetStandard/Extensions/2.0.0/System.Runtime.InteropServices.WindowsRuntime.dll"
warn: Unity.ILPP.Runner.PostProcessingAssemblyLoadContext[0]
      Assembly system.componentmodel.composition has duplicate hint path. Ignoring "/Applications/Unity/Hub/Editor/6000.5.8f1/Unity.app/Contents/Resources/Scripting/UnityReferenceAssemblies/unity-4.8-api/System.ComponentModel.Composition.dll" in favor of "/Applications/Unity/Hub/Editor/6000.5.8f1/Unity.app/Contents/Resources/Scripting/NetStandard/compat/2.1.0/shims/netfx/System.ComponentModel.Composition.dll"
info: Unity.ILPP.Runner.PostProcessingAssemblyLoadContext[0]
      Resolved Unity.Burst.Cecil, Version=0.11.6.0, Culture=neutral, PublicKeyToken=50cebf1cceb9d05e with Library/PackageCache/com.unity.burst@2f3d916873ea/Unity.Burst.CodeGen/Unity.Burst.Cecil.dll
info: Unity.ILPP.Runner.PostProcessingAssemblyLoadContext[0]
      Resolved Mono.Cecil, Version=0.11.5.0, Culture=neutral, PublicKeyToken=50cebf1cceb9d05e with Library/PackageCache/com.unity.nuget.mono-cecil@ecb9724e46ff/Mono.Cecil.dll
info: Microsoft.AspNetCore.Routing.EndpointMiddleware[1]
      Executed endpoint 'gRPC - /UnityILPP.PostProcessing/ConfigurePostProcessors'
info: Microsoft.AspNetCore.Hosting.Diagnostics[2]
      Request finished HTTP/2 POST http://ilpp/UnityILPP.PostProcessing/ConfigurePostProcessors - 200 - application/grpc 25.1922ms
info: Microsoft.AspNetCore.Hosting.Diagnostics[1]
      Request starting HTTP/2 POST http://ilpp/UnityILPP.PostProcessing/PostProcessAssembly - application/grpc -
info: Microsoft.AspNetCore.Routing.EndpointMiddleware[0]
      Executing endpoint 'gRPC - /UnityILPP.PostProcessing/PostProcessAssembly'
info: Unity.ILPP.Runner.PostProcessingPipeline[0]
      Processing assembly Library/Bee/artifacts/200b0aE.dag/Assembly-CSharp.dll, with 136 defines and 328 references
info: Unity.ILPP.Runner.PostProcessingPipeline[0]
      processors: Unity.Jobs.CodeGen.JobsILPostProcessor, zzzUnity.Burst.CodeGen.BurstILPostProcessor
info: Unity.ILPP.Runner.PostProcessingPipeline[0]
      running Unity.Jobs.CodeGen.JobsILPostProcessor
info: Unity.ILPP.Runner.PostProcessingAssemblyLoadContext[0]
      Resolved Unity.Collections, Version=0.0.0.0, Culture=neutral, PublicKeyToken=null with Library/Bee/artifacts/200b0aE.dag/Unity.Collections.dll
info: Microsoft.AspNetCore.Hosting.Diagnostics[1]
      Request starting HTTP/2 POST http://ilpp/UnityILPP.PostProcessing/PostProcessAssembly - application/grpc -
info: Microsoft.AspNetCore.Routing.EndpointMiddleware[0]
      Executing endpoint 'gRPC - /UnityILPP.PostProcessing/PostProcessAssembly'
info: Unity.ILPP.Runner.PostProcessingPipeline[0]
      Processing assembly Library/Bee/artifacts/200b0aE.dag/Assembly-CSharp-Editor.dll, with 134 defines and 348 references
info: Unity.ILPP.Runner.PostProcessingPipeline[0]
      processors: Unity.Jobs.CodeGen.JobsILPostProcessor, zzzUnity.Burst.CodeGen.BurstILPostProcessor
info: Unity.ILPP.Runner.PostProcessingPipeline[0]
      running Unity.Jobs.CodeGen.JobsILPostProcessor
info: Unity.ILPP.Runner.PostProcessingAssemblyLoadContext[0]
      Resolved UnityEditor.CoreModule, Version=0.0.0.0, Culture=neutral, PublicKeyToken=null with /Applications/Unity/Hub/Editor/6000.5.8f1/Unity.app/Contents/Resources/Scripting/Managed/UnityEngine/UnityEditor.CoreModule.dll
info: Unity.ILPP.Runner.PostProcessingAssemblyLoadContext[0]
      Resolved UnityEngine.CoreModule, Version=0.0.0.0, Culture=neutral, PublicKeyToken=null with /Applications/Unity/Hub/Editor/6000.5.8f1/Unity.app/Contents/Resources/Scripting/Managed/UnityEngine/UnityEngine.CoreModule.dll
info: Unity.ILPP.Runner.PostProcessingAssemblyLoadContext[0]
      Resolved Unity.Scripting, Version=0.0.0.0, Culture=neutral, PublicKeyToken=null with /Applications/Unity/Hub/Editor/6000.5.8f1/Unity.app/Contents/Resources/Scripting/Managed/UnityEngine/Unity.Scripting.dll
info: Unity.ILPP.Runner.PostProcessingPipeline[0]
      running zzzUnity.Burst.CodeGen.BurstILPostProcessor
info: Unity.ILPP.Runner.PostProcessingPipeline[0]
      running zzzUnity.Burst.CodeGen.BurstILPostProcessor
info: Unity.ILPP.Runner.PostProcessingAssemblyLoadContext[0]
      Resolved Unity.Burst.Cecil.Rocks, Version=0.11.6.0, Culture=neutral, PublicKeyToken=50cebf1cceb9d05e with Library/PackageCache/com.unity.burst@2f3d916873ea/Unity.Burst.CodeGen/Unity.Burst.Cecil.Rocks.dll
info: Microsoft.AspNetCore.Routing.EndpointMiddleware[1]
      Executed endpoint 'gRPC - /UnityILPP.PostProcessing/PostProcessAssembly'
info: Microsoft.AspNetCore.Hosting.Diagnostics[2]
      Request finished HTTP/2 POST http://ilpp/UnityILPP.PostProcessing/PostProcessAssembly - 200 - application/grpc 238.2825ms
info: Microsoft.AspNetCore.Routing.EndpointMiddleware[1]
      Executed endpoint 'gRPC - /UnityILPP.PostProcessing/PostProcessAssembly'
info: Microsoft.AspNetCore.Hosting.Diagnostics[2]
      Request finished HTTP/2 POST http://ilpp/UnityILPP.PostProcessing/PostProcessAssembly - 200 - application/grpc 374.8135ms
ExitCode: 0 Duration: 1s227ms
Finished compiling graph: 872 nodes, 17619 flattened edges (14803 ToBuild, 144 ToUse), maximum node priority 892
[452/869    0s] WriteText Library/Bee/artifacts/200b0aE.dag/Assembly-CSharp-Editor.rsp
[668/869    0s] ILPP-Configuration Library/ilpp-configuration.nevergeneratedoutput
[822/869    0s] Csc Library/Bee/artifacts/200b0aE.dag/Assembly-CSharp.dll (+2 others)
[862/869    0s] Csc Library/Bee/artifacts/200b0aE.dag/Assembly-CSharp-Editor.dll (+2 others)
[863/869    0s] ILPostProcess Library/Bee/artifacts/200b0aE.dag/post-processed/Assembly-CSharp-Editor.dll (+pdb)
Processing assembly Library/Bee/artifacts/200b0aE.dag/Assembly-CSharp-Editor.dll, with 134 defines and 348 references
processors: Unity.Jobs.CodeGen.JobsILPostProcessor, zzzUnity.Burst.CodeGen.BurstILPostProcessor
running Unity.Jobs.CodeGen.JobsILPostProcessor
running zzzUnity.Burst.CodeGen.BurstILPostProcessor
[864/869    0s] ILPostProcess Library/Bee/artifacts/200b0aE.dag/post-processed/Assembly-CSharp.dll (+pdb)
Processing assembly Library/Bee/artifacts/200b0aE.dag/Assembly-CSharp.dll, with 136 defines and 328 references
processors: Unity.Jobs.CodeGen.JobsILPostProcessor, zzzUnity.Burst.CodeGen.BurstILPostProcessor
running Unity.Jobs.CodeGen.JobsILPostProcessor
running zzzUnity.Burst.CodeGen.BurstILPostProcessor
[865/869    0s] CopyFiles Library/ScriptAssemblies/Assembly-CSharp.dll
[866/869    0s] CopyFiles Library/ScriptAssemblies/Assembly-CSharp.pdb
[867/869    0s] CopyFiles Library/ScriptAssemblies/Assembly-CSharp-Editor.pdb
[868/869    0s] CopyFiles Library/ScriptAssemblies/Assembly-CSharp-Editor.dll
*** Tundra build success (1.21 seconds), 10 items updated, 869 evaluated
Total cache size 25698768
AssetDatabase: script compilation time: 3.837296s
Total cache size after purge 25698768, took 00:00:00.0244786
Begin MonoManager ReloadAssembly
Symbol file LoadedFromMemory is not a mono symbol file
Refreshing native plugins compatible for Editor in 3.34 ms, found 2 plugins.
Native extension for OSXStandalone target not found
Native extension for WebGL target not found
ScheduleIndexationOnStartup MainProcess:True IndexOnStartup:True
Mono: successfully reloaded assembly
- Finished resetting the current domain, in  0.878 seconds
Domain Reload Profiling: 1435ms
	BeginReloadAssembly (184ms)
		DisableScriptedObjects (14ms)
		CreateAndSetChildDomain (89ms)
	RebuildCommonClasses (6ms)
	RebuildNativeTypeToScriptingClass (11ms)
	initialDomainReloadingComplete (26ms)
	LoadAllAssembliesAndSetupDomain (329ms)
		LoadAssemblies (198ms)
		AnalyzeDomain (107ms)
			TypeCache.Refresh (79ms)
				TypeCache.ScanAssembly (69ms)
			BuildScriptInfoCaches (25ms)
	FinalizeReload (879ms)
		SetupLoadedEditorAssemblies (0ms)
			BeforeProcessingInitializeOnLoad (59ms)
			ProcessInitializeOnLoadAttributes (406ms)
			ProcessInitializeOnLoadMethodAttributes (281ms)
		AwakeInstancesAfterBackupRestoration (12ms)
Starting new worker id: 0 with log in /Users/ooharayukio/ai_token_test_tsumutsumu/unity_tsumutsumu/Logs/AssetImportWorkerHW0.log
Refreshing native plugins compatible for Editor in 43.73 ms, found 2 plugins.

Asset Pipeline Refresh (id=70854d87485694c3fb0fb56b2f602d86): Total: 5.947 seconds - Initiated by InitialRefreshV2(ForceSynchronousImport)
	(Values over 0.05ms)
	Summary:
		Imports: total=0 (actual=0, local cache=0, cache server=0)
		Asset DB Process Time: managed=0 ms, native=1280 ms
		Asset DB Callback time: managed=135 ms, native=59 ms
		Scripting: domain reloads=1, domain reload time=580 ms, compile time=3859 ms, other=32 ms
		Project Asset Count: scripts=891, non-scripts=1113
		Asset File Changes: new=1, changed=2, moved=0, deleted=0
		Scan Filter Count: 1
	InvokePackagesCallback: 9.932ms
	ApplyChangesToAssetFolders: 0.257ms
	Scan: 234.038ms
	Collect global state as custom dependencies: 8.054ms
	OnSourceAssetsModified: 0.421ms
	CategorizeScriptCompilationAssets: 24.712ms
	ProcessAssetsWithTransientArtifactChanges: 28.976ms
	CategorizeAssets: 14.239ms
	CompileScripts: 3858.566ms
	ImportOutOfDateAssets: 902.534ms (890.743ms without children)
		UnloadImportedAssets: 0.171ms
		EnsureUptoDateAssetsAreRegisteredWithGuidPM: 0.248ms
		ImportSchedulerStart: 11.371ms
	PostProcessAllAssets: 122.065ms
		VCAutoAddAssetPostprocess 1.843ms
		XRBuildSystem.XRAssetImported 0.156ms
		MonoPostProcessAllAssets: 119.779ms
			AssetPostprocessor.OnPostprocessAllAssets 87.889ms
			StyleCatalogPostProcessor.OnPostprocessAllAssets 8.341ms
			WindowAssetPostprocessingWatcher.OnPostprocessAllAssets 4.929ms
			BuilderAssetPostprocessor.OnPostprocessAllAssets 4.356ms
			SpriteSlicePostprocessor.OnPostprocessAllAssets 1.360ms
			RetainedModeAssetPostprocessor.OnPostprocessAllAssets 0.792ms
			AssetChangedListener.OnPostprocessAllAssets 0.789ms
			EditModeScopePostprocessor.OnPostprocessAllAssets 0.718ms
			SpeedTree9Postprocessor.OnPostprocessAllAssets 0.491ms
			SpriteEditorTexturePostprocessor.OnPostprocessAllAssets 0.375ms
			ArtifactBrowserPostProcessor.OnPostprocessAllAssets 0.338ms
			TextAssetPostProcessor.OnPostprocessAllAssets 0.326ms
			UVCSAssetPostprocessor.OnPostprocessAllAssets 0.258ms
			ReferencedClipsPostProcessor.OnPostprocessAllAssets 0.185ms
			AssetEvents.OnPostprocessAllAssets 0.180ms
			AudioMixerPostprocessor.OnPostprocessAllAssets 0.175ms
			TMPro_TexturePostProcessor.OnPostprocessAllAssets 0.173ms
			AssetProcessor.OnPostprocessAllAssets 0.133ms
			TerrainToolbarOverlayPostProcessor.OnPostprocessAllAssets 0.102ms
			SamplePostprocessor.OnPostprocessAllAssets 0.087ms
			SpeedTreePostProcessor.OnPostprocessAllAssets 0.083ms
			AssetDatabaseCallbacks.OnPostprocessAllAssets 0.083ms
			ConfigAssetsTracker.OnPostprocessAllAssets 0.068ms
			AssetReloadNotifier.OnPostprocessAllAssets 0.065ms
			RenderPipelineGlobalSettingsPostprocessor.OnPostprocessAllAssets 0.063ms
			ScenarioDriftAssetsTracker.OnPostprocessAllAssets 0.058ms
			SyncVS.PostprocessSyncProject 0.054ms
	PostAssetChangesProfiler: 63.889ms
	UnloadStreamsBegin: 0.854ms
	PersistCurrentRevisions: 0.053ms
	GenerateScriptTypeHashes: 0.998ms
	GenerateScriptTypeSerializationHashes: 2.311ms
	Untracked: 676.601ms

Application.AssetDatabase Initial Refresh End
Launching external process: /Applications/Unity/Hub/Editor/6000.5.8f1/Unity.app/Contents/Helpers/UnityShaderCompiler
Launched and connected shader compiler UnityShaderCompiler after 0.08 seconds
Scanning for USB devices : 0.030ms
Initializing Unity extensions:
[MODES] ModeService[none].Initialize
[MODES] ModeService[none].LoadModes
[MODES] Loading mode Default (0) for mode-current-id-unity_tsumutsumu
2026-08-19 05:30:24.332 Unity[63104:65581235] NSEventModifierFlagFunction specified to -setKeyEquivalentModifierMask: for item <NSMenuItem: 0x85c337160 SDF, ke='Command-F12'>, but is only supported for system-provided menu items; will not be used
Unloading 5 Unused Serialized files (Serialized files now loaded: 0)
Unloading 3611 unused Assets / (0.6 MB). Loaded Objects now: 4376.
Memory consumption went from 170.3 MB to 169.7 MB.
Total: 16.524584 ms (FindLiveObjects: 0.192334 ms CreateObjectMapping: 0.601042 ms MarkObjects: 14.316750 ms  DeleteObjects: 1.413625 ms)

2026-08-19 05:30:24.405 Unity[63104:65581235] NSEventModifierFlagFunction specified to -setKeyEquivalentModifierMask: for item <NSMenuItem: 0x85c335b80 SDF, ke='Command-F12'>, but is only supported for system-provided menu items; will not be used
Unloading 2 Unused Serialized files (Serialized files now loaded: 0)
Unloading 1 unused Assets / (28.8 KB). Loaded Objects now: 4378.
Memory consumption went from 164.9 MB to 164.9 MB.
Total: 10.095917 ms (FindLiveObjects: 0.126459 ms CreateObjectMapping: 0.246208 ms MarkObjects: 9.705750 ms  DeleteObjects: 0.016708 ms)

Type mismatch. Expected type 'AssetBundleManifest', but found 'OcclusionCullingSettings' at FileID 1 in text file Assets/Scenes/MainScene.unity at line 4.
UnityEngine.Debug:ExtractStackTraceNoAlloc (byte*,int,string)
UnityEngine.StackTraceUtility:ExtractStackTrace () (at /Users/bokken/build/output/unity/unity/Runtime/Export/Scripting/StackTrace.cs:35)
UnityEditor.SceneManagement.EditorSceneManager:SaveSceneInternal (UnityEngine.SceneManagement.Scene,string,bool)
UnityEditor.SceneManagement.EditorSceneManager:SaveScene (UnityEngine.SceneManagement.Scene,string,bool) (at /Users/bokken/build/output/unity/unity/Editor/Mono/EditorSceneManager.cs:95)
UnityEditor.SceneManagement.EditorSceneManager:SaveScene (UnityEngine.SceneManagement.Scene,string) (at /Users/bokken/build/output/unity/unity/Editor/Mono/EditorSceneManager.cs:78)
TsumTsumu.Editor.SetupScene:CreateAndSetupScene () (at Assets/Editor/SetupScene.cs:16)

[Assets/Editor/SetupScene.cs line 16]

Could not extract GUID in text file Assets/Scenes/MainScene.unity at line 222.
UnityEngine.Debug:ExtractStackTraceNoAlloc (byte*,int,string)
UnityEngine.StackTraceUtility:ExtractStackTrace () (at /Users/bokken/build/output/unity/unity/Runtime/Export/Scripting/StackTrace.cs:35)
UnityEditor.SceneManagement.EditorSceneManager:SaveSceneInternal (UnityEngine.SceneManagement.Scene,string,bool)
UnityEditor.SceneManagement.EditorSceneManager:SaveScene (UnityEngine.SceneManagement.Scene,string,bool) (at /Users/bokken/build/output/unity/unity/Editor/Mono/EditorSceneManager.cs:95)
UnityEditor.SceneManagement.EditorSceneManager:SaveScene (UnityEngine.SceneManagement.Scene,string) (at /Users/bokken/build/output/unity/unity/Editor/Mono/EditorSceneManager.cs:78)
TsumTsumu.Editor.SetupScene:CreateAndSetupScene () (at Assets/Editor/SetupScene.cs:16)

[Assets/Editor/SetupScene.cs line 16]

Importing 'GUID: 587ae912224b741a19cdcc34e0158601 - Path: Assets/Scenes/MainScene.unity' with importer (DefaultImporter)
Imported 'GUID: 587ae912224b741a19cdcc34e0158601' -> (Import Result ID: '2e22909fc45236ee447ef1ef52868cfc') in 0.003 seconds [static dependencies only]. Details - ImportResultOutputID=13b985a6768126b3ce1ae9569956f5d8 DependenciesID=ff672c0aef6564a48dbbf4bb6165ffed StaticDependenciesID=b4148372201152bd9a352c00a654a249 
Asset Pipeline Refresh (id=5a89208a006c246d9b2bb01fbe1f2a13): Total: 0.040 seconds - Initiated by StopAssetImportingV2(NoUpdateAssetOptions)
Created and saved MainScene.unity with GameManager component
UnityEngine.Debug:ExtractStackTraceNoAlloc (byte*,int,string)
UnityEngine.StackTraceUtility:ExtractStackTrace () (at /Users/bokken/build/output/unity/unity/Runtime/Export/Scripting/StackTrace.cs:35)
UnityEngine.DebugLogHandler:Internal_Log (UnityEngine.LogType,UnityEngine.LogOption,string,UnityEngine.Object)
UnityEngine.DebugLogHandler:LogFormat (UnityEngine.LogType,UnityEngine.Object,string,object[])
UnityEngine.Logger:Log (UnityEngine.LogType,object)
UnityEngine.Debug:Log (object)
TsumTsumu.Editor.SetupScene:CreateAndSetupScene () (at Assets/Editor/SetupScene.cs:17)

(Filename: Assets/Editor/SetupScene.cs Line: 17)

Batchmode quit successfully invoked - shutting down!
Thread 0x302987000 may have been prematurely finalized
Input System module state changed to: ShutdownInProgress.
Input Polling Thread exited.
Input System module state changed to: Shutdown.
Curl error 42: Callback aborted
[Physics::Module] Cleanup current backend.
[Physics::Module] Id: 0xf2b8ea05
[Licensing::IpcConnector] LicenseClient-ooharayukio-6000.5.8-notifications channel disconnected successfully.
[Licensing::IpcConnector] LicenseClient-ooharayukio-6000.5.8 channel disconnected successfully.
Thread 0x16c677000 may have been prematurely finalized
AcceleratorClientConnectionCallback - disconnected - :0
Thread 0x16e187000 may have been prematurely finalized
info: Microsoft.Hosting.Lifetime[0]
      Application is shutting down...
Cleanup mono
CodeReloadManager destroyed
info: Unity.ILPP.Runner.PostProcessingAssemblyLoadContext[0]
      ALC ILPP context 1 is unloading

.NET 8.0 へようこそ!
---------------------
SDK バージョン: 8.0.318

テレメトリ
---------
.NET ツールは、エクスペリエンスの向上のために利用状況データを収集します。データは Microsoft によって収集され、コミュニティと共有されます。テレメトリをオプトアウトするには、好みのシェルを使用して、DOTNET_CLI_TELEMETRY_OPTOUT 環境変数を '1' または 'true' に設定できます。

.NET CLI ツールのテレメトリの詳細をご覧ください: https://aka.ms/dotnet-cli-telemetry

----------------
ASP.NET Core HTTPS 開発証明書をインストールしました。
証明書を信頼するには、'dotnet dev-certs https --trust' を実行します
HTTPS の詳細情報: https://aka.ms/dotnet-https

----------------
最初のアプリを作成するには、https://aka.ms/dotnet-hello-world を参照してください
最新情報については、https://aka.ms/dotnet-whats-new を参照してください
ドキュメントを探すには、https://aka.ms/dotnet-docs を参照してください
GitHub で問題の報告とソースの検索を行うには、https://github.com/dotnet/core を参照してください
'dotnet --help' を使用して使用可能なコマンドを確認するか、https://aka.ms/dotnet-cli にアクセスしてください
--------------------------------------------------------------------------------------
ワークロードの検証中に問題が発生しました。詳細については、"dotnet workload update" を実行してください。
MSBuild サーバー をシャットダウンしています...
VB/C# コンパイラ サーバー をシャットダウンしています...
MSBuild サーバー は正常にシャットダウンしました。
VB/C# コンパイラ サーバー は正常にシャットダウンしました。
debugger-agent: Unable to listen on 44
Exiting batchmode successfully now!
[Package Manager] Server process was shutdown
